[    0.000000] Linux version 4.15.0-96-generic (buildd@lgw01-amd64-004) (gcc version 7.5.0 (Ubuntu 7.5.0-3ubuntu1~18.04)) #97-Ubuntu SMP Wed Apr 1 03:25:46 UTC 2020 (Ubuntu 4.15.0-96.97-generic 4.15.18)
[    0.000000] Command line: BOOT_IMAGE=/boot/vmlinuz-4.15.0-96-generic root=LABEL=cloudimg-rootfs ro console=tty1 console=ttyS0
[    0.000000] KERNEL supported cpus:
[    0.000000]   Intel GenuineIntel
[    0.000000]   AMD AuthenticAMD
[    0.000000]   Centaur CentaurHauls
[    0.000000] x86/fpu: Supporting XSAVE feature 0x001: 'x87 floating point registers'
[    0.000000] x86/fpu: Supporting XSAVE feature 0x002: 'SSE registers'
[    0.000000] x86/fpu: Supporting XSAVE feature 0x004: 'AVX registers'
[    0.000000] x86/fpu: xstate_offset[2]:  576, xstate_sizes[2]:  256
[    0.000000] x86/fpu: Enabled xstate features 0x7, context size is 832 bytes, using 'standard' format.
[    0.000000] e820: BIOS-provided physical RAM map:
[    0.000000] BIOS-e820: [mem 0x0000000000000000-0x000000000009fbff] usable
[    0.000000] BIOS-e820: [mem 0x000000000009fc00-0x000000000009ffff] reserved
[    0.000000] BIOS-e820: [mem 0x00000000000f0000-0x00000000000fffff] reserved
[    0.000000] BIOS-e820: [mem 0x0000000000100000-0x00000000dffeffff] usable
[    0.000000] BIOS-e820: [mem 0x00000000dfff0000-0x00000000dfffffff] ACPI data
[    0.000000] BIOS-e820: [mem 0x00000000fec00000-0x00000000fec00fff] reserved
[    0.000000] BIOS-e820: [mem 0x00000000fee00000-0x00000000fee00fff] reserved
[    0.000000] BIOS-e820: [mem 0x00000000fffc0000-0x00000000ffffffff] reserved
[    0.000000] BIOS-e820: [mem 0x0000000100000000-0x000000011fffffff] usable
[    0.000000] NX (Execute Disable) protection: active
[    0.000000] SMBIOS 2.5 present.
[    0.000000] MI: innotek GmbH VirtualBox/VirtualBox, BIOS VirtualBox 12/01/2006
[    0.000000] Hypervisor detected: KVM
[    0.000000] e820: last_pfn = 0x120000 max_arch_pfn = 0x400000000
[    0.000000] MTRR: Disabled
[    0.000000] x86/PAT: MTRRs disabled, skipping PAT initialization too.
[    0.000000] CPU MTRRs all blank - virtualized system.
[    0.000000] x86/PAT: Configuration [0-7]: WB  WT  UC- UC  WB  WT  UC- UC  
[    0.000000] e820: last_pfn = 0xdfff0 max_arch_pfn = 0x400000000
[    0.000000] found SMP MP-table at [mem 0x0009fff0-0x0009ffff]
[    0.000000] Scanning 1 areas for low memory corruptio
[   0.00000 RAMDISK: [mem 0x35a6b000-0x36d2cfff]
[    0.000000] ACPI: Early table checksum verification disabled
[    0.000000] ACPI: RSDP 0x00000000000E0000 000024 (v02 VBOX  )
[    0.000000] ACPI: XSDT 0x00000000DFFF0030 00003C (v01 VBOX   VBOXXSDT 00000001 ASL  00000061)
[    0.000000] ACPI: FACP 0x00000000DFFF00F0 0000F4 (v04 VBOX   VBOXFACP 00000001 ASL  00000061)
[    0.000000] ACPI: DSDT 0x00000000DFFF0470 0021FF (v02 VBOX   VBOXBIOS 00000002 INTL 20180105)
[    0.000000] ACPI: FACS 0x00000000DFFF0200 000040
[    0.000000] ACPI: FACS 0x00000000DFFF0200 000040
[    0.000000] ACPI: APIC 0x00000000DFFF0240 00005C (v02 VBOX   VBOXAPIC 00000001 ASL  00000061)
[    0.000000] ACPI: SSDT 0x00000000DFFF02A0 0001CC (v01 VBOX   VBOXCPUT 00000002 INTL 20180105)
[    0.000000] No NUMA configuration found
[    0.000000] Faking a node at [mem 0x0000000000000000-0x000000011fffffff]
[    0.000000] NODE_DATA(0) allocated [mem 0x11ffd1000-0x11fffbfff]
[    0.000000] kvm-clock: cpu 0, msr 1:1ff50001, primary cpu clock
[    0.000000] kvm-clock: Using msrs 4b564d01 and 4b564d00
[    0.000000] kvm-clock: using sched offset of 3253989490 cycles
[    0.000000] clocksource: kvm-clock: mask: 0xffffffffffffffff max_cycles: 0x1cd42e4dffb, max_idle_ns: 881590591483 ns
[    0.000000] Zone ranges:
[    0.000000]   DMA      [mem 0x0000000000001000-0x0000000000ffffff]
[    0.000000]   DMA32    [mem 0x0000000001000000-0x00000000ffffffff]
[    0.000000]   Normal   [mem 0x0000000100000000-0x000000011fffffff]
[    0.000000]   Device   empty
[    0.000000] Movable zone start for each node
[    0.000000] Early memory node ranges
[    0.000000]   node   0: [mem 0x0000000000001000-0x000000000009efff]
[    0.000000]   node   0: [mem 0x0000000000100000-0x00000000dffeffff]
[    0.000000]   node   0: [mem 0x0000000100000000-0x000000011fffffff]
[    0.000000] Reserved but unavailable: 98 pages
[    0.000000] Initmem setup node 0 [mem 0x0000000000001000-0x000000011fffffff]
[    0.000000] ACPI: PM-Timer IO Port: 0x4008
[    0.000000] IOAPIC[0]: apic_id 2, version 32, address 0xfec00000, GSI 0-23
[    0.000000] ACPI: INT_SRC_OVR (bus 0 bus_irq 0 global_irq 2 dfl dfl)
[    0.000000] ACPI: INT_SRC_OVR (bus 0 bus_irq 9 global_irq 9 low level)
[    0.000000] Using ACPI (MADT) for SMP configuration information
[    0.000000] smpboot: Allowing 2 CPUs, 0 hotplug CPUs
[    0.000000] PM: Registered nosave memory: [mem 0x00000000-0x00000fff]
[    0.000000] PM: Registered nosave memory: [mem 0x0009f000-0x0009ffff]
[    0.000000] PM: Registered nosave memory: [mem 0x000a0000-0x000effff]
[    0.000000] PM: Registered nosave memory: [mem 0x000f0000-0x000fffff]
[    0.000000] PM: Registered nosave memory: [mem 0xdfff0000-0xdfffffff]
[    0.000000] PM: Registered nosave memory: [mem 0xe0000000-0xfebfffff]
[    0.000000] PM: Registered nosave memory: [mem 0xfec00000-0xfec00fff]
[    0.000000] PM: Registered nosave memory: [mem 0xfec01000-0xfedfffff]
[    0.000000] PM: Registered nosave memory: [mem 0xfee00000-0xfee00fff]
[    0.000000] PM: Registered nosave memory: [mem 0xfee01000-0xfffbffff]
[    0.000000] PM: Registered nosave memory: [mem 0xfffc0000-0xffffffff]
[    0.000000] e820: [mem 0xe0000000-0xfebfffff] available for PCI devices
[    0.000000] Booting paravirtualized kernel on KVM
[    0.000000] clocksource: refined-jiffies: mask: 0xffffffff max_cycles: 0xffffffff, max_idle_ns: 7645519600211568 ns
[    0.000000] random: get_random_bytes called from start_kernel+0x99/0x4fd with crng_init=0
[    0.000000] setup_percpu: NR_CPUS:8192 nr_cpumask_bits:2 nr_cpu_ids:2 nr_node_ids:1
[    0.000000] percpu: Embedded 45 pages/cpu s147456 r8192 d28672 u1048576
[    0.000000] PV qspinlock hash table entries: 256 (order: 0, 4096 bytes)
[    0.000000] Built 1 zonelists, mobility grouping on.  Total pages: 1032057
[    0.000000] Policy zone: Normal
[    0.000000] Kernel command line: BOOT_IMAGE=/boot/vmlinuz-4.15.0-96-generic root=LABEL=cloudimg-rootfs ro console=tty1 console=ttyS0
[    0.000000] Memory: 4013668K/4193848K available (12300K kernel code, 2481K rwdata, 4264K rodata, 2432K init, 2712K bss, 180180K reserved, 0K cma-reserved)
[    0.000000] SLUB: HWalign=64, Order=0-3, MinObjects=0, CPUs=2, Nodes=1
[    0.000000] Kernel/User page tables isolation: enabled
[    0.000000] ftrace: allocating 39351 entries in 154 pages
[    0.004000] Hierarchical RCU implementation.
[    0.004000] 	RCU restricting CPUs from NR_CPUS=8192 to nr_cpu_ids=2.
[    0.004000] 	Tasks RCU enabled.
[    0.004000] RCU: Adjusting geometry for rcu_fanout_leaf=16, nr_cpu_ids=2
[    0.004000] NR_IRQS: 524544, nr_irqs: 440, preallocated irqs: 16
[    0.004000] Console: colour VGA+ 80x25
[    0.004000] console [tty1] enabled
[    0.004000] console [ttyS0] enabled
[    0.004000] ACPI: Core revision 20170831
[    0.004000] ACPI: 2 ACPI AML tables successfully acquired and loaded
[    0.004000] APIC: Switch to symmetric I/O mode setup
[    0.004220] x2apic enabled
[    0.008003] Switched APIC routing to physical x2apic.
[    0.009590] ..TIMER: vector=0x30 apic1=0 pin1=2 apic2=-1 pin2=-1
[    0.012002] tsc: Detected 1799.996 MHz processor
[    0.012624] Calibrating delay loop (skipped) preset value.. 3599.99 BogoMIPS (lpj=7199984)
[    0.016002] pid_max: default: 32768 minimum: 301
[    0.020046] Security Framework initialized
[    0.020668] Yama: becoming mindful.
[    0.021145] AppArmor: AppArmor initialized
[    0.025375] Dentry cache hash table entries: 524288 (order: 10, 4194304 bytes)
[    0.028922] Inode-cache hash table entries: 262144 (order: 9, 2097152 bytes)
[    0.029915] Mount-cache hash table entries: 8192 (order: 4, 65536 bytes)
[    0.032027] Mountpoint-cache hash table entries: 8192 (order: 4, 65536 bytes)
[    0.034887] Last level iTLB entries: 4KB 64, 2MB 8, 4MB 8
[    0.036005] Last level dTLB entries: 4KB 64, 2MB 0, 4MB 0, 1GB 4
[    0.036778] Spectre V1 : Mitigation: usercopy/swapgs barriers and __user pointer sanitization
[    0.040006] Spectre V2 : Mitigation: Full generic retpoline
[    0.040710] Spectre V2 : Spectre v2 / SpectreRSB mitigation: Filling RSB on context switch
[    0.041736] Speculative Store Bypass: Vulnerable
[    0.044057] MDS: Mitigation: Clear CPU buffers
[    0.048160] Freeing SMP alternatives memory: 36K
[    0.160000] smpboot: CPU0: Intel(R) Core(TM) i5-8265U CPU @ 1.60GHz (family: 0x6, model: 0x8e, stepping: 0xc)
[    0.160076] Performance Events: unsupported p6 CPU model 142 no PMU driver, software events only.
[    0.164028] Hierarchical SRCU implementation.
[    0.165219] NMI watchdog: Perf event create on CPU 0 failed with -2
[    0.166091] NMI watchdog: Perf NMI watchdog permanently disabled
[    0.167016] smp: Bringing up secondary CPUs ...
[    0.168572] x86: Booting SMP configuration:
[    0.169154] .... node  #0, CPUs:      #1
[    0.004000] kvm-clock: cpu 1, msr 1:1ff50041, secondary cpu clock
[    0.172019] smp: Brought up 1 node, 2 CPUs
[    0.176007] smpboot: Max logical packages: 1
[    0.176568] smpboot: Total of 2 processors activated (7199.98 BogoMIPS)
[    0.177811] devtmpfs: initialized
[    0.180059] x86/mm: Memory block size: 128MB
[    0.180958] evm: security.selinux
[    0.181457] evm: security.SMACK64
[    0.181970] evm: security.SMACK64EXEC
[    0.182585] evm: security.SMACK64TRANSMUTE
[    0.184003] evm: security.SMACK64MMAP
[    0.184607] evm: security.apparmor
[    0.185131] evm: security.ima
[    0.185604] evm: security.capability
[    0.186245] clocksource: jiffies: mask: 0xffffffff max_cycles: 0xffffffff, max_idle_ns: 7645041785100000 ns
[    0.188035] futex hash table entries: 512 (order: 3, 32768 bytes)
[    0.189100] pinctrl core: initialized pinctrl subsystem
[    0.192094] RTC time: 12:55:58, date: 04/17/20
[    0.196162] NET: Registered protocol family 16
[    0.196968] audit: initializing netlink subsys (disabled)
[    0.197782] audit: type=2000 audit(1587128162.841:1): state=initialized audit_enabled=0 res=1
[    0.197782] cpuidle: using governor ladder
[    0.197782] cpuidle: using governor menu
[    0.200038] ACPI: bus type PCI registered
[    0.200660] acpiphp: ACPI Hot Plug PCI Controller Driver version: 0.5
[    0.201731] PCI: Using configuration type 1 for base access
[    0.204103] HugeTLB registered 2.00 MiB page size, pre-allocated 0 pages
[    0.205111] ACPI: Added _OSI(Module Device)
[    0.205111] ACPI: Added _OSI(Processor Device)
[    0.205348] ACPI: Added _OSI(3.0 _SCP Extensions)
[    0.206035] ACPI: Added _OSI(Processor Aggregator Device)
[    0.208003] ACPI: Added _OSI(Linux-Dell-Video)
[    0.208701] ACPI: Added _OSI(Linux-Lenovo-NV-HDMI-Audio)
[    0.209531] ACPI: Added _OSI(Linux-HPI-Hybrid-Graphics)
[    0.210519] ACPI: Executed 1 blocks of module-level executable AML code
[    0.214589] ACPI: Interpreter enabled
[    0.215148] ACPI: (supports S0 S5)
[    0.215665] ACPI: Using IOAPIC for interrupt routing
[    0.216210] PCI: Using host bridge windows from ACPI; if necessary, use "pci=nocrs" and report a bug
[    0.217677] ACPI: Enabled 2 GPEs in block 00 to 07
[    0.223465] ACPI: PCI Root Bridge [PCI0] (domain 0000 [bus 00-ff])
[    0.224022] acpi PNP0A03:00: _OSC: OS supports [ASPM ClockPM Segments MSI]
[    0.225028] acpi PNP0A03:00: _OSC: not requesting OS control; OS requires [ExtendedConfig ASPM ClockPM MSI]
[    0.226379] acpi PNP0A03:00: fail to add MMCONFIG information, can't access extended PCI configuration space under this bridge.
[    0.228360] PCI host bridge to bus 0000:00
[    0.229462] pci_bus 0000:00: root bus resource [io  0x0000-0x0cf7 window]
[    0.230392] pci_bus 0000:00: root bus resource [io  0x0d00-0xffff window]
[    0.231321] pci_bus 0000:00: root bus resource [mem 0x000a0000-0x000bffff window]
[    0.232003] pci_bus 0000:00: root bus resource [mem 0xe0000000-0xfdffffff window]
[    0.233117] pci_bus 0000:00: root bus resource [bus 00-ff]
[    0.235222] pci 0000:00:01.1: legacy IDE quirk: reg 0x10: [io  0x01f0-0x01f7]
[    0.236003] pci 0000:00:01.1: legacy IDE quirk: reg 0x14: [io  0x03f6]
[    0.236946] pci 0000:00:01.1: legacy IDE quirk: reg 0x18: [io  0x0170-0x0177]
[    0.237957] pci 0000:00:01.1: legacy IDE quirk: reg 0x1c: [io  0x0376]
[    0.301495] pci 0000:00:07.0: quirk: [io  0x4000-0x403f] claimed by PIIX4 ACPI
[    0.304039] pci 0000:00:07.0: quirk: [io  0x4100-0x410f] claimed by PIIX4 SMB
[    0.349328] ACPI: PCI Interrupt Link [LNKA] (IRQs 5 9 10 *11)
[    0.350517] ACPI: PCI Interrupt Link [LNKB] (IRQs 5 9 *10 11)
[    0.352112] ACPI: PCI Interrupt Link [LNKC] (IRQs 5 *9 10 11)
[    0.353067] ACPI: PCI Interrupt Link [LNKD] (IRQs 5 9 10 *11)
[    0.354303] SCSI subsystem initialized
[    0.354938] pci 0000:00:02.0: vgaarb: setting as boot VGA device
[    0.354938] pci 0000:00:02.0: vgaarb: VGA device added: decodes=io+mem,owns=io+mem,locks=none
[    0.356016] pci 0000:00:02.0: vgaarb: bridge control possible
[    0.356844] vgaarb: loaded
[    0.360041] ACPI: bus type USB registered
[    0.360680] usbcore: registered new interface driver usbfs
[    0.361482] usbcore: registered new interface driver hub
[    0.362268] usbcore: registered new device driver usb
[    0.363056] EDAC MC: Ver: 3.0.0
[    0.364008] PCI: Using ACPI for IRQ routing
[    0.364854] NetLabel: Initializing
[    0.365381] NetLabel:  domain hash size = 128
[    0.366046] NetLabel:  protocols = UNLABELED CIPSOv4 CALIPSO
[    0.366875] NetLabel:  unlabeled traffic allowed by default
[    0.367697] clocksource: Switched to clocksource kvm-clock
[    0.375831] VFS: Disk quotas dquot_6.6.0
[    0.376511] VFS: Dquot-cache hash table entries: 512 (order 0, 4096 bytes)
[    0.377566] AppArmor: AppArmor Filesystem Enabled
[    0.378284] pnp: PnP ACPI init
[    0.379505] pnp: PnP ACPI: found 3 devices
[    0.388055] clocksource: acpi_pm: mask: 0xffffff max_cycles: 0xffffff, max_idle_ns: 2085701024 ns
[    0.389611] NET: Registered protocol family 2
[    0.390525] TCP established hash table entries: 32768 (order: 6, 262144 bytes)
[    0.391676] TCP bind hash table entries: 32768 (order: 7, 524288 bytes)
[    0.392807] TCP: Hash tables configured (established 32768 bind 32768)
[    0.393842] UDP hash table entries: 2048 (order: 4, 65536 bytes)
[    0.394719] UDP-Lite hash table entries: 2048 (order: 4, 65536 bytes)
[    0.395683] NET: Registered protocol family 1
[    0.396370] pci 0000:000. Lmingirt PCI/I rafers[  0791543] pci 0000:00:01.0: Activating ISA DMA hang workarounds
[    0.900457] pci 0000:00:02.0: Video device with shadowed ROM at [mem 0x000c0000-0x000dffff]
[  0778]Unacking initramfs...
[    1.483100] Freeing initrd memory: 19208K
[    1.485148] PCI-DMA: Using software bounce buffering for IO (SWIOTLB)
[    1.486345] software IO TLB: mapped [mem 0xdbff0000-0xdfff0000] (64MB)
[    1.487492] clocksource: tsc: mask: 0xffffffffffffffff max_cycles: 0x19f225e0365, max_idle_ns: 440795255742 ns
[    1.488959] platform rtc_cmos: registered platform RTC device (no PNP device found)
[    1.490175] Scanning for low memory corruption every 60 seconds
[    1.491543] Initialise system trusted keyrings
[    1.492207] Key type blacklist registered
[    1.492888] workingset: timestamp_bits=36 max_order=20 bucket_order=0
[    1.494579] zbud: loaded
[    1.497497] squashfs: version 4.0 (2009/01/31) Phillip Lougher
[    1.547804] fuse init (API version 7.26)
[    1.550909] Key type asymmetric registered
[    1.551593] Asymmetric key parser 'x509' registered
[    1.552409] Block layer SCSI generic (bsg) driver version 0.4 loaded (major 246)
[    1.553582] io scheduler noop registered
[    1.554201] io scheduler deadline registered
[    1.554833] io scheduler cfq registered (default)
[    1.555878] ACPI: AC Adapter [AC] (on-line)
[    1.556575] input: Power Button as /devices/LNXSYSTM:00/LNXPWRBN:00/input/input0
[    1.557779] ACPI: Power Button [PWRF]
[    1.558400] input: Sleep Button as /devices/LNXSYSTM:00/LNXSLPBN:00/input/input1
[    1.559420] ACPI: Sleep Button [SLPF]
[    1.560767] ACPI: Battery Slot [BAT0] (battery present)
[    1.565021] Serial: 8250/16550 driver, 32 ports, IRQ sharing enabled
[    1.587626] 00:02: ttyS0 at I/O 0x3f8 (irq = 4, base_baud = 115200) is a 16550A
[    1.595597] Linux agpgart interface v0.103
[    1.598118] loop: module loaded
[    1.601629] scsi host0: ata_piix
[    1.609494] scsi host1: ata_piix
[    1.615393] ata1: PATA max UDMA/33 cmd 0x1f0 ctl 0x3f6 bmdma 0xd000 irq 14
[    1.622677] ata2: PATA max UDMA/33 cmd 0x170 ctl 0x376 bmdma 0xd008 irq 15
[    1.637407] libphy: Fixed MDIO Bus: probed
[    1.644438] tun: Universal TUN/TAP device driver, 1.6
[    1.645365] PPP generic driver version 2.4.2
[    1.645991] ehci_hcd: USB 2.0 'Enhanced' Host Controller (EHCI) Driver
[    1.646797] ehci-pci: EHCI PCI platform driver
[    1.647384] ehci-platform: EHCI generic platform driver
[    1.648075] ohci_hcd: USB 1.1 'Open' Host Controller (OHCI) Driver
[    1.648874] ohci-pci: OHCI PCI platform driver
[    1.649438] ohci-platform: OHCI generic platform driver
[    1.660819] uhci_hcd: USB Universal Host Controller Interface driver
[    1.661747] i8042: PNP: PS/2 Controller [PNP0303:PS2K,PNP0f03:PS2M] at 0x60,0x64 irq 1,12
[    1.663290] serio: i8042 KBD port at 0x60,0x64 irq 1
[    1.664022] serio: i8042 AUX port at 0x60,0x64 irq 12
[    1.726998] mousedev: PS/2 mouse device common for all mice
[    1.728076] rtc_cmos rtc_cmos: rtc core: registered rtc_cmos as rtc0
[    1.757054] input: AT Translated Set 2 keyboard as /devices/platform/i8042/serio0/input/input2
[    1.764129] rtc_cmos rtc_cmos: alarms up to one day, 114 bytes nvram
[    1.786754] i2c /dev entries driver
[    1.787336] device-mapper: uevent: version 1.0.3
[    1.788164] device-mapper: ioctl: 4.37.0-ioctl (2017-09-20) initialised: dm-devel@redhat.com
[    1.789395] ledtrig-cpu: registered to indicate activity on CPUs
[    1.799459] NET: Registered protocol family 10
[    1.803106] Segment Routing with IPv6
[    1.810713] NET: Registered protocol family 17
[    1.811461] Key type dns_resolver registered
[    1.812290] mce: Using 0 MCE banks
[    1.812835] RAS: Correctable Errors collector initialized.
[    1.813641] sched_clock: Marking stable (1812258027, 0)->(2649246763, -836988736)
[    1.816756] registered taskstats version 1
[    1.817312] Loading compiled-in X.509 certificates
[    1.917722] Loaded X.509 cert 'Build time autogenerated kernel key: 244b473b43e18b01f00e37a87f2ecd28620f0244'
[    2.047409] zswap: loaded using pool lzo/zbud
[    2.052799] Key type big_key registered
[    2.096468] Key type trusted registered
[    2.099130] Key type encrypted registered
[    2.099664] AppArmor: AppArmor sha1 policy hashing enabled
[    2.100493] ima: No TPM chip found, activating TPM-bypass! (rc=-19)
[    2.101290] ima: Allocated hash algorithm: sha1
[    2.102005] evm: HMAC attrs: 0x1
[    2.102832]   Magic number: 0:428:936
[    2.103646] rtc_cmos rtc_cmos: setting system clock to 2020-04-17 12:56:00 UTC (1587128160)
[    2.105369] BIOS EDD facility v0.16 2004-Jun-25, 0 devices found
[    2.106369] EDD information not available.
[    2.109742] Freeing unused kernel image memory: 2432K
[    2.124115] Write protecting the kernel read-only data: 20480k
[    2.346160] Freeing unused kernel image memory: 2008K
[    2.386135] Freeing unused kernel image memory: 1880K
[    2.393935] x86/mm: Checked W+X mappings: passed, no W+X pages found.
[    2.435935] x86/mm: Checking user space page tables
[    2.443630] x86/mm: Checked W+X mappings: passed, no W+X pages found.
Loading, please wait...
starting version 237
[    2.615743] Fusion MPT base driver 3.04.20
[    2.616339] Copyright (c) 1999-2008 LSI Corporation
[    2.631008] e1000: Intel(R) PRO/1000 Network Driver - version 7.3.21-k8-NAPI
[    2.644751] e1000: Copyright (c) 1999-2006 Intel Corporation.
[    2.653335] Fusion MPT SPI Host driver 3.04.20
[    2.692273] AVX2 version of gcm_enc/dec engaged.
[    2.705625] AES CTR mode by8 optimization enabled
[    2.840494] input: ImExPS/2 Generic Explorer Mouse as /devices/platform/i8042/serio1/input/input4
[    3.040537] e1000 0000:00:03.0 eth0: (PCI:33MHz:32-bit) 02:43:0e:00:05:fc
[    3.115937] e1000 0000:00:03.0 eth0: Intel(R) PRO/1000 Network Connection
[    3.490000] e1000 0000:00:08.0 eth1: (PCI:33MHz:32-bit) 08:00:27:10:d1:65
[    3.506550] e1000 0000:00:08.0 eth1: Intel(R) PRO/1000 Network Connection
[    3.509421] e1000 0000:00:08.0 enp0s8: renamed from eth1
[    3.512744] mptbase: ioc0: Initiating bringup
[    3.524762] e1000 0000:00:03.0 enp0s3: renamed from eth0
[    3.608340] ioc0: LSI53C1030 A0: Capabilities={Initiator}
[    3.849629] scsi host2: ioc0: LSI53C1030 A0, FwRev=00000000h, Ports=1, MaxQ=256, IRQ=20
[    4.017818] scsi 2:0:0:0: Direct-Access     VBOX     HARDDISK         1.0  PQ: 0 ANSI: 5
[    4.108144] scsi target2:0:0: Beginning Domain Validation
[    4.110382] scsi target2:0:0: Domain Validation skipping write tests
[    4.111325] scsi target2:0:0: Ending Domain Validation
[    4.112162] scsi target2:0:0: asynchronous
[    4.113193] scsi 2:0:1:0: Direct-Access     VBOX     HARDDISK         1.0  PQ: 0 ANSI: 5
[    4.144080] scsi target2:0:1: Beginning Domain Validation
[    4.156841] random: fast init done
[    4.157873] scsi target2:0:1: Domain Validation skipping write tests
[    4.158869] scsi target2:0:1: Ending Domain Validation
[    4.160452] scsi target2:0:1: asynchronous
[    4.164842] random: systemd-udevd: uninitialized urandom read (16 bytes read)
[    4.166022] sd 2:0:0:0: Attached scsi generic sg0 type 0
[    4.166044] random: systemd-udevd: uninitialized urandom read (16 bytes read)
[    4.184232] random: systemd-udevd: uninitialized urandom read (16 bytes read)
[    4.185500] sd 2:0:0:0: [sda] 20971520 512-byte logical blocks: (10.7 GB/10.0 GiB)
[    4.185905] sd 2:0:1:0: Attached scsi generic sg1 type 0
[    4.346681] sd 2:0:0:0: [sda] Write Protect is off
[    4.585556] sd 2:0:1:0: [sdb] 20480 512-byte logical blocks: (10.5 MB/10.0 MiB)
[    4.589695] sd 2:0:0:0: [sda] Incomplete mode parameter data
[    4.641798] sd 2:0:0:0: [sda] Assuming drive cache: write through
[    4.641828] sd 2:0:1:0: [sdb] Write Protect is off
[    4.643514] sd 2:0:1:0: [sdb] Incomplete mode parameter data
[    4.644355] sd 2:0:1:0: [sdb] Assuming drive cache: write through
[    4.644810]  sda: sda1
[    4.886362] sd 2:0:0:0: [sda] Attached SCSI disk
[    4.888417] sd 2:0:1:0: [sdb] Attached SCSI disk
Begin: Loading essential drivers ... [    6.288589] raid6: sse2x1   gen() 11391 MB/s
[    6.352236] raid6: sse2x1   xor()  6445 MB/s
[    6.408174] raid6: sse2x2   gen() 13433 MB/s
[    6.468131] raid6: sse2x2   xor()  8556 MB/s
[    6.532078] raid6: sse2x4   gen() 13819 MB/s
[    6.656339] raid6: sse2x4   xor()  8750 MB/s
[    6.732655] raid6: avx2x1   gen() 24396 MB/s
[    6.800315] raid6: avx2x1   xor() 14580 MB/s
[    7.075292] raid6: avx2x2   gen() 32421 MB/s
[    7.252686] raid6: avx2x2   xor() 17971 MB/s
[    7.373241] raid6: avx2x4   gen() 31902 MB/s
[    7.435278] raid6: avx2x4   xor() 20870 MB/s
[    7.455756] raid6: using algorithm avx2x2 gen() 32421 MB/s
[    7.456442] raid6: .... xor() 17971 MB/s, rmw enabled
[    7.475722] raid6: using avx2x2 recovery algorithm
[    7.478239] xor: automatically using best checksumming function   avx       
[    7.583160] async_tx: api initialized (async)
done.
Begin: Running /scripts/init-premount ... done[    7.740493] Btrfs loaded, crc32c=crc32c-intel
.
Begin: Mounting root file system ... Begin: Running /scripts/local-top ... done.
Begin: Running /scripts/local-premount ... Scanning for Btrfs filesystems
done.
Warning: fsck no[    7.790559] EXT4-fs (sda1): mounted filesystem with ordered data mode. Opts: (null)
t present, so skipping root file system
done.
Begin: Running /scripts/local-bottom ... done.
Begin: Running /scripts/init-bottom ... done.
[    7.994977] ip_tables: (C) 2000-2006 Netfilter Core Team
[    8.003539] systemd[1]: systemd 237 running in system mode. (+PAM +AUDIT +SELINUX +IMA +APPARMOR +SMACK +SYSVINIT +UTMP +LIBCRYPTSETUP +GCRYPT +GNUTLS +ACL +XZ +LZ4 +SECCOMP +BLKID +ELFUTILS +KMOD -IDN2 +IDN -PCRE2 default-hierarchy=hybrid)
[    8.627294] systemd[1]: Detected virtualization oracle.
[    8.728438] systemd[1]: Detected architecture x86-64.

Welcome to [1mUbuntu 18.04.4 LTS[0m!

[    8.764560] systemd[1]: Set hostname to <ubuntu18>.
[    9.638778] systemd[1]: Started Forward Password Requests to Wall Directory Watch.
[[0;32m  OK  [0m] Started Forward Password Requests to Wall Directory Watch.
[   10.131801] systemd[1]: Reached target User and Group Name Lookups.
[[0;32m  OK  [0m] Reached target User and Group Name Lookups.
[   10.133530] systemd[1]: Set up automount Arbitrary Executable File Formats File System Automount Point.
[[0;32m  OK  [0m] Set up automount Arbitrary Executabâ€¦rmats File System Automount Point.
[   10.174057] systemd[1]: Created slice System Slice.
[[0;32m  OK  [0m] Created slice System Slice.
[   10.178902] systemd[1]: Created slice system-serial\x2dgetty.slice.
[[0;32m  OK  [0m] Created slice system-serial\x2dgetty.slice.
[   10.185969] systemd[1]: Listening on Network Service Netlink Socket.
[[0;32m  OK  [0m] Listening on Network Service Netlink Socket.
[[0;32m  OK  [0m] Listening on Journal Socket (/dev/log).
[[0;32m  OK  [0m] Listening on Journal Socket.
         Mounting Kernel Debug File System...
         Mounting Huge Pages File System...
         Mounting POSIX Message Queue File System...
         Starting Set the console keyboard layout...
         Starting Uncomplicated firewall...
[[0;32m  OK  [0m] Listening on LVM2 metadata daemon socket.
[[0;32m  OK  [0m] Listening on Device-mapper event daemon FIFOs.
         Starting Monitoring of LVM2 mirrorsâ€¦ng dmeventd or progress polling...
[[0;32m  OK  [0m] Listening on /dev/initctl Compatibility Named Pipe.
[[0;32m  OK  [0m] Listening on LVM2 poll daemon socket.
         Starting Create list of required stâ€¦ce nodes for the current kernel...
[[0;32m  OK  [0m] Listening on Syslog Socket.
[[0;32m  OK  [0m] Listening on Journal Audit Socket.
         Starting Journal Service...
         Starting Remount Root and Kernel File Systems...
[[0;32m  OK  [0m] Listening on udev Control Socket.
[[0;32m  OK  [0m] Reached target System Time Synchronized.
[[0;32m  OK  [0m] Created slice User and Session Slice.
[[0;32m  OK  [0m] Reached target Slices.
[[0;32m  OK  [0m] Reached target Swap.
         Starting Load Kernel Modules...
[   10.504640] EXT4-fs (sda1): re-mounted. Opts: (null)
[[0;32m  OK  [0m] Listening on udev Kernel Socket.
         Starting udev Coldplug all Devices...
[   10.513244] Loading iSCSI transport class v2.0-870.
[   10.518393] iscsi: registered transport (tcp)
[[0;32m  OK  [0m] Started Journal Service.
[   10.643383] iscsi: registered transport (iser)
[[0;32m  OK  [0m] Mounted Kernel Debug File System.
[[0;32m  OK  [0m] Mounted Huge Pages File System.
[[0;32m  OK  [0m] Mounted POSIX Message Queue File System.
[[0;32m  OK  [0m] Started Set the console keyboard layout.
[[0;32m  OK  [0m] Started Uncomplicated firewall.
[[0;32m  OK  [0m] Started Create list of required staâ€¦vice nodes for the current kernel.
[[0;32m  OK  [0m] Started Remount Root and Kernel File Systems.
[[0;32m  OK  [0m] Started Load Kernel Modules.
[[0;32m  OK  [0m] Started LVM2 metadata daemon.
         Mounting Kernel Configuration File System...
         Mounting FUSE Control File System...
         Starting Apply Kernel Variables...
         Starting Load/Save Random Seed...
         Starting Create Static Device Nodes in /dev...
         Starting Flush Journal to Persistent Storage...
[[0;32m  OK  [0m] Started udev Coldplug all Devices.
[[0;32m  OK  [0m] Started Monitoring of LVM2 mirrors,â€¦sing dmeventd or progress polling.
[[0;32m  OK  [0m] Mounted Kernel Configuration File System.
[[0;32m  OK  [0m] Mounted FUSE Control File System.
[[0;32m  OK  [0m] Started Apply Kernel Variables.
[[0;32m  OK  [0m] Started Load/Save Random Seed.
[[0;32m  OK  [0m] Started Create Static Device Nodes in /dev.
         Starting udev Kernel Device Manager...
[[0;32m  OK  [0m] Reached target Local File Systems (Pre).
[[0;32m  OK  [0m] Reached target Local File Systems.
         Starting Tell Plymouth To Write Out Runtime Data...
         Starting Set console font and keymap...
         Starting ebtables ruleset management...
         Starting AppArmor initialization...
[[0;32m  OK  [0m] Started udev Kernel Device Manager.
[[0;32m  OK  [0m] Started Dispatch Password Requests to Console Directory Watch.
[[0;32m  OK  [0m] Reached target Local Encrypted Volumes.
[[0;32m  OK  [0m] Started Flush Journal to Persistent Storage.
[[0;32m  OK  [0m] Started Tell Plymouth To Write Out Runtime Data.
[[0;32m  OK  [0m] Started Set console font and keymap.
         Starting Create Volatile Files and Directories...
[[0;32m  OK  [0m] Started Create Volatile Files and Directories.
         Starting Update UTMP about System Boot/Shutdown...
[[0;32m  OK  [0m] Started Update UTMP about System Boot/Shutdown.
[[0;32m  OK  [0m] Started ebtables ruleset management.
[[0;32m  OK  [0m] Found device /dev/ttyS0.
[[0;32m  OK  [0m] Listening on Load/Save RF Kill Switch Status /dev/rfkill Watch.
[[0;32m  OK  [0m] Started AppArmor initialization.
         Starting Initial cloud-init job (pre-networking)...
[   12.191409] cloud-init[528]: Cloud-init v. 19.4-33-gbb4131a2-0ubuntu1~18.04.1 running 'init-local' at Fri, 17 Apr 2020 12:56:10 +0000. Up 11.97 seconds.
[[0;32m  OK  [0m] Started Initial cloud-init job (pre-networking).
[[0;32m  OK  [0m] Reached target Network (Pre).
         Starting Network Service...
[[0;32m  OK  [0m] Started Network Service.
         Starting Network Name Resolution...
         Starting Wait for Network to be Configured...
[[0;32m  OK  [0m] Started Network Name Resolution.
[[0;32m  OK  [0m] Reached target Network.
[[0;32m  OK  [0m] Reached target Host and Network Name Lookups.
[[0;32m  OK  [0m] Started Wait for Network to be Configured.
         Starting Initial cloud-init job (metadata service crawler)...
[   14.507496] cloud-init[654]: Cloud-init v. 19.4-33-gbb4131a2-0ubuntu1~18.04.1 running 'init' at Fri, 17 Apr 2020 12:56:12 +0000. Up 14.38 seconds.
[   14.513649] cloud-init[654]: ci-info: ++++++++++++++++++++++++++++++++++++++Net device info+++++++++++++++++++++++++++++++++++++++
[   14.515054] cloud-init[654]: ci-info: +--------+------+-----------------------------+---------------+--------+-------------------+
[   14.555279] cloud-init[654]: ci-info: | Device |  Up  |           Address           |      Mask     | Scope  |     Hw-Address    |
[   14.564594] cloud-init[654]: ci-info: +--------+------+-----------------------------+---------------+--------+-------------------+
[[   14.664241] cloud-init[654]: ci-info: | enp0s3 | True |          10.0.2.15          | 255.255.255.0 | global | 02:43:0e:00:05:fc |
[   14.664329] cloud-init[654]: ci-info: | enp0s3 | True |   fe80::43:eff:fe00:5fc/64  |       .       |  link  | 02:43:0e:00:05:fc |
[   14.664605] cloud-init[654]: ci-info: | enp0s8 | True |        192.168.188.25       | 255.255.255.0 | global | 08:00:27:10:d1:65 |
[   14.664901] cloud-init[654]: ci-info: | enp0s8 | True | fe80::a00:27ff:fe10:d165/64 |       .       |  link  | 08:00:27:10:d1:65 |
[   14.665174] cloud-init[654]: ci-info: |   lo   | True |          127.0.0.1          |   255.0.0.0   |  host  |         .         |
[   14.665473] cloud-init[654]: ci-info: |   lo   | True |           ::1/128           |       .       |  host  |         .         |
[   14.665634] cloud-init[654]: ci-info: +--------+------+-----------------------------+---------------+--------+-------------------+
[   14.665899] cloud-init[654]: ci-info: +++++++++++++++++++++++++++++Route IPv4 info++++++++++++++++++++++++++++++
[   14.666177] cloud-init[654]: ci-info: +-------+---------------+----------+-----------------+-----------+-------+
[   14.666316] cloud-init[654]: ci-info: | Route |  Destination  | Gateway  |     Genmask     | Interface | Flags |
[   14.666591] cloud-init[654]: ci-info: +-------+---------------+----------+-----------------+-----------+-------+
[   14.666860] cloud-init[654]: ci-info: |   0   |    0.0.0.0    | 10.0.2.2 |     0.0.0.0     |   enp0s3  |   UG  |
[   14.667131] cloud-init[654]: ci-info: |   1   |    10.0.2.0   | 0.0.0.0  |  255.255.255.0  |   enp0s3  |   U   |
[   14.667403] cloud-init[654]: ci-info: |   2   |    10.0.2.2   | 0.0.0.0  | 255.255.255.255 |   enp0s3  |   UH  |
[   14.667674] cloud-init[654]: ci-info: |   3   | 192.168.188.0 | 0.0.0.0  |  255.255.255.0  |   enp0s8  |   U   |
[   14.667819] cloud-init[654]: ci-info: +-------+---------------+----------+-----------------+-----------+-------+
[   14.668252] cloud-init[654]: ci-info: +++++++++++++++++++Route IPv6 info+++++++++++++++++++
[   14.668503] cloud-init[654]: ci-info: +-------+-------------+---------+-----------+-------+
[   14.668920] cloud-init[654]: ci-info: | Route | Destination | Gateway | Interface | Flags |
[   14.669800] cloud-init[654]: ci-info: +-------+-------------+---------+-----------+-------+
[   14.670271] cloud-init[654]: ci-info: |   1   |  fe80::/64  |    ::   |   enp0s8  |   U   |
[   14.670304] cloud-init[654]: ci-info: |   2   |  fe80::/64  |    ::   |   enp0s3  |   U   |
[   14.670336] cloud-init[654]: ci-info: |   4   |    local    |    ::   |   enp0s3  |   U   |
[0;32m  OK  [0m[   14.670400] ] cloud-initStarted Initial cloud-init job (metadata service crawler).[654]: 
ci-info: |   5   |    local    |    ::   |   enp0s8  |   U   |
[   14.670439] cloud-init[654]: ci-info: |   6   |   ff00::/8  |    ::   |   enp0s8  |   U   |
[   14.670484] cloud-init[654]: ci-info: |   7   |   ff00::/8  |    ::   |   enp0s3  |   U   |
[   14.670519] cloud-init[654]: ci-info: +-------+-------------+---------+-----------+-------+
[[0;32m  OK  [0m] Reached target System Initialization.
[[0;32m  OK  [0m] Listening on UUID daemon activation socket.
[[0;32m  OK  [0m] Listening on D-Bus System Message Bus Socket.
[[0;32m  OK  [0m] Started Daily Cleanup of Temporary Directories.
         Starting Socket activation for snappy daemon.
[[0;32m  OK  [0m] Started Daily apt download activities.
[[0;32m  OK  [0m] Started Daily apt upgrade and clean activities.
         Starting LXD - unix socket.
[[0;32m  OK  [0m] Listening on ACPID Listen Socket.
[[0;32m  OK  [0m] Started ACPI Events Check.
[[0;32m  OK  [0m] Reached target Paths.
[[0;32m  OK  [0m] Listening on Open-iSCSI iscsid Socket.
[[0;32m  OK  [0m] Started Discard unused blocks once a week.
[[0;32m  OK  [0m] Started Message of the Day.
[[0;32m  OK  [0m] Reached target Timers.
[[0;32m  OK  [0m] Reached target Cloud-config availability.
[[0;32m  OK  [0m] Reached target Network is Online.
[[0;32m  OK  [0m] Reached target Remote File Systems (Pre).
[[0;32m  OK  [0m] Reached target Remote File Systems.
         Starting Availability of block devices...
[[0;32m  OK  [0m] Listening on Socket activation for snappy daemon.
[[0;32m  OK  [0m] Listening on LXD - unix socket.
[[0;32m  OK  [0m] Reached target Sockets.
[[0;32m  OK  [0m] Reached target Basic System.
         Starting LSB: automatic crash report generation...
[[0;32m  OK  [0m] Started FUSE filesystem for LXC.
         Starting Permit User Sessions...
         Starting LXD - container startup/shutdown...
         Starting System Logging Service...
[[0;32m  OK  [0m] Started Regular background program processing daemon.
         Starting OpenBSD Secure Shell server...
         Starting LSB: Record successful boot for GRUB...
         Starting Dispatcher daemon for systemd-networkd...
[[0;32m  OK  [0m] Started Deferred execution scheduler.
[[0;32m  OK  [0m] Started D-Bus System Message Bus.
         Starting Message of the Day...
[[0;32m  OK  [0m] Started irqbalance daemon.
         Starting Accounts Service...
         Starting Virtualbox guest utils...
         Starting Snappy daemon...
         Starting Login Service...
[[0;32m  OK  [0m] Started System Logging Service.
[[0;32m  OK  [0m] Started Availability of block devices.
[[0;32m  OK  [0m] Started Permit User Sessions.
[[0;32m  OK  [0m] Started LXD - container startup/shutdown.
         Starting Hold until boot process finishes up...
         Starting Terminate Plymouth Boot Screen...
[[0;32m  OK  [0m] Started OpenBSD Secure Shell server.
[[0;32m  OK  [0m] Started Hold until boot process finishes up.
[[0;32m  OK  [0m] Started Terminate Plymouth Boot Screen.
[[0;32m  OK  [0m] Started Serial Getty on ttyS0.
         Starting Set console scheme...
[[0;32m  OK  [0m] Started Login Service.
[[0;32m  OK  [0m] Started Unattended Upgrades Shutdown.
[[0;32m  OK  [0m] Started Set console scheme.
         Starting Authorization Manager...
[[0;32m  OK  [0m] Created slice system-getty.slice.
[[0;32m  OK  [0m] Started Getty on tty1.
[[0;32m  OK  [0m] Reached target Login Prompts.
[[0;32m  OK  [0m] Started Dispatcher daemon for systemd-networkd.
[[0;32m  OK  [0m] Started LSB: automatic crash report generation.
[[0;32m  OK  [0m] Started LSB: Record successful boot for GRUB.
[[0;32m  OK  [0m] Started Virtualbox guest utils.
[[0;32m  OK  [0m] Started Authorization Manager.
[[0;32m  OK  [0m] Started Accounts Service.
[[0;32m  OK  [0m] Started Snappy daemon.
         Starting Wait until snapd is fully seeded...
[[0;32m  OK  [0m] Started Wait until snapd is fully seeded.
         Starting Apply the settings specified in cloud-config...
[[0;32m  OK  [0m] Reached target Multi-User System.
[[0;32m  OK  [0m] Reached target Graphical Interface.
         Starting Update UTMP about System Runlevel Changes...
[[0;32m  OK  [0m] Started Update UTMP about System Runlevel Changes.
[[0;32m  OK  [0m] Started Message of the Day.
[   16.548198] cloud-init[1105]: Cloud-init v. 19.4-33-gbb4131a2-0ubuntu1~18.04.1 running 'modules:config' at Fri, 17 Apr 2020 12:56:14 +0000. Up 16.47 seconds.
[[0;32m  OK  [0m] Started Apply the settings specified in cloud-config.
         Starting Execute cloud user/final scripts...
[   17.035879] cloud-init[1172]: Cloud-init v. 19.4-33-gbb4131a2-0ubuntu1~18.04.1 running 'modules:final' at Fri, 17 Apr 2020 12:56:15 +0000. Up 16.92 seconds.
[[0;32m  OK  [0m[   17.082842] cloud-init[1172]: Cloud-init v. 19.4-33-gbb4131a2-0ubuntu1~18.04.1 finished at Fri, 17 Apr 2020 12:56:15 +0000. Datasource DataSourceNoCloud [seed=/dev/sdb][dsmode=net].  Up 17.02 seconds
] Started Execute cloud user/final scripts.
[[0;32m  OK  [0m] Reached target Cloud-init target.
         Starting Daily apt download activities...
[[0;32m  OK  [0m] Created slice User Slice of vagrant.
         Starting User Manager for UID 1000...
[[0;32m  OK  [0m] Started Session 1 of user vagrant.
[[0;32m  OK  [0m] Started User Manager for UID 1000.

Ubuntu 18.04.4 LTS ubuntu18 ttyS0

ubuntu18 login: 